Archive member included to satisfy reference by file (symbol)

c:/program files (x86)/gnu_arm_embedded_toolchain/102021.10/bin/../lib/gcc/arm-none-eabi/10.3.1/../../../../arm-none-eabi/lib/thumb/v6-m/nofp\libc_nano.a(lib_a-exit.o)
                              c:/program files (x86)/gnu_arm_embedded_toolchain/102021.10/bin/../lib/gcc/arm-none-eabi/10.3.1/../../../../arm-none-eabi/lib/thumb/v6-m/nofp/crt0.o (exit)
c:/program files (x86)/gnu_arm_embedded_toolchain/102021.10/bin/../lib/gcc/arm-none-eabi/10.3.1/../../../../arm-none-eabi/lib/thumb/v6-m/nofp\libc_nano.a(lib_a-impure.o)
                              c:/program files (x86)/gnu_arm_embedded_toolchain/102021.10/bin/../lib/gcc/arm-none-eabi/10.3.1/../../../../arm-none-eabi/lib/thumb/v6-m/nofp\libc_nano.a(lib_a-exit.o) (_global_impure_ptr)
c:/program files (x86)/gnu_arm_embedded_toolchain/102021.10/bin/../lib/gcc/arm-none-eabi/10.3.1/../../../../arm-none-eabi/lib/thumb/v6-m/nofp\libc_nano.a(lib_a-init.o)
                              c:/program files (x86)/gnu_arm_embedded_toolchain/102021.10/bin/../lib/gcc/arm-none-eabi/10.3.1/../../../../arm-none-eabi/lib/thumb/v6-m/nofp/crt0.o (__libc_init_array)
c:/program files (x86)/gnu_arm_embedded_toolchain/102021.10/bin/../lib/gcc/arm-none-eabi/10.3.1/../../../../arm-none-eabi/lib/thumb/v6-m/nofp\libc_nano.a(lib_a-memset.o)
                              c:/program files (x86)/gnu_arm_embedded_toolchain/102021.10/bin/../lib/gcc/arm-none-eabi/10.3.1/../../../../arm-none-eabi/lib/thumb/v6-m/nofp/crt0.o (memset)
c:/program files (x86)/gnu_arm_embedded_toolchain/102021.10/bin/../lib/gcc/arm-none-eabi/10.3.1/../../../../arm-none-eabi/lib/thumb/v6-m/nofp\libnosys.a(_exit.o)
                              c:/program files (x86)/gnu_arm_embedded_toolchain/102021.10/bin/../lib/gcc/arm-none-eabi/10.3.1/../../../../arm-none-eabi/lib/thumb/v6-m/nofp\libc_nano.a(lib_a-exit.o) (_exit)
c:/program files (x86)/gnu_arm_embedded_toolchain/102021.10/bin/../lib/gcc/arm-none-eabi/10.3.1/thumb/v6-m/nofp\libgcc.a(_udivsi3.o)
                              _build/pstorage.o (__aeabi_uidiv)
c:/program files (x86)/gnu_arm_embedded_toolchain/102021.10/bin/../lib/gcc/arm-none-eabi/10.3.1/thumb/v6-m/nofp\libgcc.a(_divsi3.o)
                              _build/pstorage.o (__aeabi_idiv)
c:/program files (x86)/gnu_arm_embedded_toolchain/102021.10/bin/../lib/gcc/arm-none-eabi/10.3.1/thumb/v6-m/nofp\libgcc.a(_dvmd_tls.o)
                              c:/program files (x86)/gnu_arm_embedded_toolchain/102021.10/bin/../lib/gcc/arm-none-eabi/10.3.1/thumb/v6-m/nofp\libgcc.a(_udivsi3.o) (__aeabi_idiv0)
c:/program files (x86)/gnu_arm_embedded_toolchain/102021.10/bin/../lib/gcc/arm-none-eabi/10.3.1/../../../../arm-none-eabi/lib/thumb/v6-m/nofp\libc_nano.a(lib_a-memcpy-stub.o)
                              _build/SEGGER_RTT.o (memcpy)
c:/program files (x86)/gnu_arm_embedded_toolchain/102021.10/bin/../lib/gcc/arm-none-eabi/10.3.1/../../../../arm-none-eabi/lib/thumb/v6-m/nofp\libc_nano.a(lib_a-printf.o)
                              _build/main.o (printf)
c:/program files (x86)/gnu_arm_embedded_toolchain/102021.10/bin/../lib/gcc/arm-none-eabi/10.3.1/../../../../arm-none-eabi/lib/thumb/v6-m/nofp\libc_nano.a(lib_a-strcpy.o)
                              _build/SEGGER_RTT.o (strcpy)
c:/program files (x86)/gnu_arm_embedded_toolchain/102021.10/bin/../lib/gcc/arm-none-eabi/10.3.1/../../../../arm-none-eabi/lib/thumb/v6-m/nofp\libc_nano.a(lib_a-strlen.o)
                              _build/SEGGER_RTT.o (strlen)
c:/program files (x86)/gnu_arm_embedded_toolchain/102021.10/bin/../lib/gcc/arm-none-eabi/10.3.1/../../../../arm-none-eabi/lib/thumb/v6-m/nofp\libc_nano.a(lib_a-vprintf.o)
                              _build/nrf_log.o (vprintf)
c:/program files (x86)/gnu_arm_embedded_toolchain/102021.10/bin/../lib/gcc/arm-none-eabi/10.3.1/../../../../arm-none-eabi/lib/thumb/v6-m/nofp\libc_nano.a(lib_a-findfp.o)
                              c:/program files (x86)/gnu_arm_embedded_toolchain/102021.10/bin/../lib/gcc/arm-none-eabi/10.3.1/../../../../arm-none-eabi/lib/thumb/v6-m/nofp\libc_nano.a(lib_a-printf.o) (__sinit)
c:/program files (x86)/gnu_arm_embedded_toolchain/102021.10/bin/../lib/gcc/arm-none-eabi/10.3.1/../../../../arm-none-eabi/lib/thumb/v6-m/nofp\libc_nano.a(lib_a-fwalk.o)
                              c:/program files (x86)/gnu_arm_embedded_toolchain/102021.10/bin/../lib/gcc/arm-none-eabi/10.3.1/../../../../arm-none-eabi/lib/thumb/v6-m/nofp\libc_nano.a(lib_a-findfp.o) (_fwalk)
c:/program files (x86)/gnu_arm_embedded_toolchain/102021.10/bin/../lib/gcc/arm-none-eabi/10.3.1/../../../../arm-none-eabi/lib/thumb/v6-m/nofp\libc_nano.a(lib_a-lock.o)
                              c:/program files (x86)/gnu_arm_embedded_toolchain/102021.10/bin/../lib/gcc/arm-none-eabi/10.3.1/../../../../arm-none-eabi/lib/thumb/v6-m/nofp\libc_nano.a(lib_a-findfp.o) (__retarget_lock_init_recursive)
[...]
Memory Configuration

Name             Origin             Length             Attributes
FLASH            0x0001b000         0x00025000         xr
RAM              0x20002080         0x00005f80         xrw
*default*        0x00000000         0xffffffff

Linker script and memory map


.text           0x0001b000     0x3804
 *(.isr_vector)
 .isr_vector    0x0001b000       0xc0 _build/gcc_startup_nrf51.o
                0x0001b000                __isr_vector
 *(.text*)
 .text          0x0001b0c0       0x48 c:/program files (x86)/gnu_arm_embedded_toolchain/102021.10/bin/../lib/gcc/arm-none-eabi/10.3.1/thumb/v6-m/nofp/crtbegin.o
 .text          0x0001b108       0x80 c:/program files (x86)/gnu_arm_embedded_toolchain/102021.10/bin/../lib/gcc/arm-none-eabi/10.3.1/../../../../arm-none-eabi/lib/thumb/v6-m/nofp/crt0.o
                0x0001b108                _stack_init
                0x0001b114                _start
                0x0001b114                _mainCRTStartup
 .text.exit     0x0001b188       0x2c c:/program files (x86)/gnu_arm_embedded_toolchain/102021.10/bin/../lib/gcc/arm-none-eabi/10.3.1/../../../../arm-none-eabi/lib/thumb/v6-m/nofp\libc_nano.a(lib_a-exit.o)
                0x0001b188                exit
 .text.__libc_init_array
                0x0001b1b4       0x48 c:/program files (x86)/gnu_arm_embedded_toolchain/102021.10/bin/../lib/gcc/arm-none-eabi/10.3.1/../../../../arm-none-eabi/lib/thumb/v6-m/nofp\libc_nano.a(lib_a-init.o)
                0x0001b1b4                __libc_init_array
 .text.memset   0x0001b1fc       0x10 c:/program files (x86)/gnu_arm_embedded_toolchain/102021.10/bin/../lib/gcc/arm-none-eabi/10.3.1/../../../../arm-none-eabi/lib/thumb/v6-m/nofp\libc_nano.a(lib_a-memset.o)
                0x0001b1fc                memset
 .text._exit    0x0001b20c        0x4 c:/program files (x86)/gnu_arm_embedded_toolchain/102021.10/bin/../lib/gcc/arm-none-eabi/10.3.1/../../../../arm-none-eabi/lib/thumb/v6-m/nofp\libnosys.a(_exit.o)
                0x0001b20c                _exit
 .text.app_error_handler_bare
                0x0001b210       0x20 _build/app_error.o
                0x0001b210                app_error_handler_bare
 .text.app_error_fault_handler
                0x0001b230       0x1c _build/app_error_weak.o
                0x0001b230                app_error_fault_handler
 .text.app_fifo_init
                0x0001b24c       0x28 _build/app_fifo.o
                0x0001b24c                app_fifo_init
 .text.app_fifo_put
                0x0001b274       0x24 _build/app_fifo.o
                0x0001b274                app_fifo_put
 .text.app_fifo_get
                0x0001b298       0x24 _build/app_fifo.o
                0x0001b298                app_fifo_get
 .text.rtc1_stop
                0x0001b2bc       0x78 _build/app_timer.o
 .text.RTC1_IRQHandler
                0x0001b334       0xdc _build/app_timer.o
                0x0001b334                RTC1_IRQHandler
 .text.SWI0_IRQHandler
                0x0001b410      0x4fc _build/app_timer.o
                0x0001b410                SWI0_IRQHandler
 .text._write   0x0001b90c       0x1c _build/retarget.o
                0x0001b90c                _write
 .text._read    0x0001b928       0x14 _build/retarget.o
                0x0001b928                _read
 .text.uart_event_handler
                0x0001b93c       0xc4 _build/app_uart_fifo.o
 .text.app_uart_init
                0x0001ba00       0xa4 _build/app_uart_fifo.o
                0x0001ba00                app_uart_init
 .text.app_uart_get
                0x0001baa4       0x34 _build/app_uart_fifo.o
                0x0001baa4                app_uart_get
 .text.app_uart_put
                0x0001bad8       0x40 _build/app_uart_fifo.o
                0x0001bad8                app_uart_put
 .text.nrf_delay_ms
                0x0001bb18       0x3c _build/nrf_delay.o
                0x0001bb18                nrf_delay_ms
 .text.nrf_drv_common_irq_enable
                0x0001bb54       0x7c _build/nrf_drv_common.o
                0x0001bb54                nrf_drv_common_irq_enable
 .text.GPIOTE_IRQHandler
                0x0001bbd0      0x4c4 _build/nrf_drv_gpiote.o
                0x0001bbd0                GPIOTE_IRQHandler
 .text.nrf_drv_uart_init
                0x0001c094      0x11c _build/nrf_drv_uart.o
                0x0001c094                nrf_drv_uart_init
 .text.nrf_drv_uart_tx
                0x0001c1b0       0xb0 _build/nrf_drv_uart.o
                0x0001c1b0                nrf_drv_uart_tx
 .text.nrf_drv_uart_tx_in_progress
                0x0001c260       0x10 _build/nrf_drv_uart.o
                0x0001c260                nrf_drv_uart_tx_in_progress
 .text.nrf_drv_uart_rx
                0x0001c270      0x114 _build/nrf_drv_uart.o
                0x0001c270                nrf_drv_uart_rx
 .text.nrf_drv_uart_rx_enable
                0x0001c384       0x2c _build/nrf_drv_uart.o
                0x0001c384                nrf_drv_uart_rx_enable
 .text.UART0_IRQHandler
                0x0001c3b0      0x19c _build/nrf_drv_uart.o
                0x0001c3b0                UART0_IRQHandler
 .text.sd_flash_write
                0x0001c54c        0x4 _build/pstorage.o
 .text.sd_flash_page_erase
                0x0001c550        0x4 _build/pstorage.o
 .text.store_cmd_flash_write_execute
                0x0001c554      0x124 _build/pstorage.o
 .text.state_entry_action_run
                0x0001c678      0x120 _build/pstorage.o
 .text.clear_operation_execute
                0x0001c798      0x198 _build/pstorage.o
 .text.cmd_queue_enqueue
                0x0001c930       0x94 _build/pstorage.o
 .text.state_data_erase_entry_run
                0x0001c9c4       0x70 _build/pstorage.o
 .text.state_swap_erase_entry_run
                0x0001ca34       0xa4 _build/pstorage.o
 .text.pstorage_init
                0x0001cad8      0x148 _build/pstorage.o
                0x0001cad8                pstorage_init
 .text.pstorage_register
                0x0001cc20       0xf8 _build/pstorage.o
                0x0001cc20                pstorage_register
 .text.pstorage_block_identifier_get
                0x0001cd18       0x50 _build/pstorage.o
                0x0001cd18                pstorage_block_identifier_get
 .text.pstorage_store
                0x0001cd68       0x74 _build/pstorage.o
                0x0001cd68                pstorage_store
 .text.pstorage_load
                0x0001cddc       0xa8 _build/pstorage.o
                0x0001cddc                pstorage_load
 .text.uart_event_handle
                0x0001ce84       0x6c _build/main.o
                0x0001ce84                uart_event_handle
 .text.ps_init  0x0001cef0       0x24 _build/main.o
                0x0001cef0                ps_init
 .text.ps_register
                0x0001cf14       0x34 _build/main.o
                0x0001cf14                ps_register
 .text.ps_getBlock
                0x0001cf48       0x4c _build/main.o
                0x0001cf48                ps_getBlock
 .text.ps_store
                0x0001cf94       0x40 _build/main.o
                0x0001cf94                ps_store
 .text.ps_load  0x0001cfd4       0x2c _build/main.o
                0x0001cfd4                ps_load
 .text.startup.main
                0x0001d000       0x80 _build/main.o
                0x0001d000                main
 .text.SystemInit
                0x0001d080       0xe0 _build/system_nrf51.o
                0x0001d080                SystemInit
 .text.sd_evt_get
                0x0001d160        0x4 _build/softdevice_handler.o
 .text.sd_ble_evt_get
                0x0001d164        0x4 _build/softdevice_handler.o
 .text.intern_softdevice_events_execute.part.0
                0x0001d168       0xf8 _build/softdevice_handler.o
 .text.SWI2_IRQHandler
                0x0001d260       0x30 _build/softdevice_handler.o
                0x0001d260                SWI2_IRQHandler
 .text          0x0001d290       0x4c _build/gcc_startup_nrf51.o
                0x0001d290                Reset_Handler
                0x0001d2d0                NMI_Handler
                0x0001d2d2                HardFault_Handler
                0x0001d2d4                SVC_Handler
                0x0001d2d6                PendSV_Handler
                0x0001d2d8                SysTick_Handler
                0x0001d2da                RTC0_IRQHandler
                0x0001d2da                POWER_CLOCK_IRQHandler
                0x0001d2da                SPI0_TWI0_IRQHandler
                0x0001d2da                LPCOMP_IRQHandler
                0x0001d2da                SWI4_IRQHandler
                0x0001d2da                TEMP_IRQHandler
                0x0001d2da                QDEC_IRQHandler
                0x0001d2da                SWI5_IRQHandler
                0x0001d2da                TIMER0_IRQHandler
                0x0001d2da                RADIO_IRQHandler
                0x0001d2da                TIMER1_IRQHandler
                0x0001d2da                ECB_IRQHandler
                0x0001d2da                Default_Handler
                0x0001d2da                ADC_IRQHandler
                0x0001d2da                SWI3_IRQHandler
                0x0001d2da                CCM_AAR_IRQHandler
                0x0001d2da                WDT_IRQHandler
                0x0001d2da                TIMER2_IRQHandler
                0x0001d2da                RNG_IRQHandler
                0x0001d2da                SPI1_TWI1_IRQHandler
                0x0001d2da                SWI1_IRQHandler
 .text          0x0001d2dc      0x114 c:/program files (x86)/gnu_arm_embedded_toolchain/102021.10/bin/../lib/gcc/arm-none-eabi/10.3.1/thumb/v6-m/nofp\libgcc.a(_udivsi3.o)
                0x0001d2dc                __aeabi_uidiv
                0x0001d2dc                __udivsi3
                0x0001d3e8                __aeabi_uidivmod
 .text          0x0001d3f0      0x1d4 c:/program files (x86)/gnu_arm_embedded_toolchain/102021.10/bin/../lib/gcc/arm-none-eabi/10.3.1/thumb/v6-m/nofp\libgcc.a(_divsi3.o)
                0x0001d3f0                __divsi3
                0x0001d3f0                __aeabi_idiv
                0x0001d5bc                __aeabi_idivmod
 .text          0x0001d5c4        0x4 c:/program files (x86)/gnu_arm_embedded_toolchain/102021.10/bin/../lib/gcc/arm-none-eabi/10.3.1/thumb/v6-m/nofp\libgcc.a(_dvmd_tls.o)
                0x0001d5c4                __aeabi_idiv0
                0x0001d5c4                __aeabi_ldiv0
 .text.memcpy   0x0001d5c8       0x12 c:/program files (x86)/gnu_arm_embedded_toolchain/102021.10/bin/../lib/gcc/arm-none-eabi/10.3.1/../../../../arm-none-eabi/lib/thumb/v6-m/nofp\libc_nano.a(lib_a-memcpy-stub.o)
                0x0001d5c8                memcpy
 *fill*         0x0001d5da        0x2 
 .text.printf   0x0001d5dc       0x34 c:/program files (x86)/gnu_arm_embedded_toolchain/102021.10/bin/../lib/gcc/arm-none-eabi/10.3.1/../../../../arm-none-eabi/lib/thumb/v6-m/nofp\libc_nano.a(lib_a-printf.o)
                0x0001d5dc                iprintf
                0x0001d5dc                printf
 .text.std      0x0001d610       0x48 c:/program files (x86)/gnu_arm_embedded_toolchain/102021.10/bin/../lib/gcc/arm-none-eabi/10.3.1/../../../../arm-none-eabi/lib/thumb/v6-m/nofp\libc_nano.a(lib_a-findfp.o)
 .text._cleanup_r
                0x0001d658       0x10 c:/program files (x86)/gnu_arm_embedded_toolchain/102021.10/bin/../lib/gcc/arm-none-eabi/10.3.1/../../../../arm-none-eabi/lib/thumb/v6-m/nofp\libc_nano.a(lib_a-findfp.o)
                0x0001d658                _cleanup_r
 .text.__sfmoreglue
                0x0001d668       0x2c c:/program files (x86)/gnu_arm_embedded_toolchain/102021.10/bin/../lib/gcc/arm-none-eabi/10.3.1/../../../../arm-none-eabi/lib/thumb/v6-m/nofp\libc_nano.a(lib_a-findfp.o)
                0x0001d668                __sfmoreglue
 .text.__sfp_lock_acquire
                0x0001d694       0x10 c:/program files (x86)/gnu_arm_embedded_toolchain/102021.10/bin/../lib/gcc/arm-none-eabi/10.3.1/../../../../arm-none-eabi/lib/thumb/v6-m/nofp\libc_nano.a(lib_a-findfp.o)
                0x0001d694                __sfp_lock_acquire
 .text.__sfp_lock_release
                0x0001d6a4       0x10 c:/program files (x86)/gnu_arm_embedded_toolchain/102021.10/bin/../lib/gcc/arm-none-eabi/10.3.1/../../../../arm-none-eabi/lib/thumb/v6-m/nofp\libc_nano.a(lib_a-findfp.o)
                0x0001d6a4                __sfp_lock_release
 .text.__sinit_lock_acquire
                0x0001d6b4       0x10 c:/program files (x86)/gnu_arm_embedded_toolchain/102021.10/bin/../lib/gcc/arm-none-eabi/10.3.1/../../../../arm-none-eabi/lib/thumb/v6-m/nofp\libc_nano.a(lib_a-findfp.o)
                0x0001d6b4                __sinit_lock_acquire
 .text.__sinit_lock_release
                0x0001d6c4       0x10 c:/program files (x86)/gnu_arm_embedded_toolchain/102021.10/bin/../lib/gcc/arm-none-eabi/10.3.1/../../../../arm-none-eabi/lib/thumb/v6-m/nofp\libc_nano.a(lib_a-findfp.o)
                0x0001d6c4                __sinit_lock_release
 .text.__sinit  0x0001d6d4       0x70 c:/program files (x86)/gnu_arm_embedded_toolchain/102021.10/bin/../lib/gcc/arm-none-eabi/10.3.1/../../../../arm-none-eabi/lib/thumb/v6-m/nofp\libc_nano.a(lib_a-findfp.o)
                0x0001d6d4                __sinit
 .text.__sfp    0x0001d744       0x90 c:/program files (x86)/gnu_arm_embedded_toolchain/102021.10/bin/../lib/gcc/arm-none-eabi/10.3.1/../../../../arm-none-eabi/lib/thumb/v6-m/nofp\libc_nano.a(lib_a-findfp.o)
                0x0001d744                __sfp
 .text._fwalk_reent
                0x0001d7d4       0x40 c:/program files (x86)/gnu_arm_embedded_toolchain/102021.10/bin/../lib/gcc/arm-none-eabi/10.3.1/../../../../arm-none-eabi/lib/thumb/v6-m/nofp\libc_nano.a(lib_a-fwalk.o)
                0x0001d7d4                _fwalk_reent
 .text.__retarget_lock_init_recursive
                0x0001d814        0x2 c:/program files (x86)/gnu_arm_embedded_toolchain/102021.10/bin/../lib/gcc/arm-none-eabi/10.3.1/../../../../arm-none-eabi/lib/thumb/v6-m/nofp\libc_nano.a(lib_a-lock.o)
                0x0001d814                __retarget_lock_init_recursive
 .text.__retarget_lock_acquire_recursive
                0x0001d816        0x2 c:/program files (x86)/gnu_arm_embedded_toolchain/102021.10/bin/../lib/gcc/arm-none-eabi/10.3.1/../../../../arm-none-eabi/lib/thumb/v6-m/nofp\libc_nano.a(lib_a-lock.o)
                0x0001d816                __retarget_lock_acquire_recursive
 .text.__retarget_lock_release_recursive
                0x0001d818        0x2 c:/program files (x86)/gnu_arm_embedded_toolchain/102021.10/bin/../lib/gcc/arm-none-eabi/10.3.1/../../../../arm-none-eabi/lib/thumb/v6-m/nofp\libc_nano.a(lib_a-lock.o)
                0x0001d818                __retarget_lock_release_recursive
 *fill*         0x0001d81a        0x2 
 .text.sbrk_aligned
                0x0001d81c       0x44 c:/program files (x86)/gnu_arm_embedded_toolchain/102021.10/bin/../lib/gcc/arm-none-eabi/10.3.1/../../../../arm-none-eabi/lib/thumb/v6-m/nofp\libc_nano.a(lib_a-nano-mallocr.o)
 .text._malloc_r
                0x0001d860       0xec c:/program files (x86)/gnu_arm_embedded_toolchain/102021.10/bin/../lib/gcc/arm-none-eabi/10.3.1/../../../../arm-none-eabi/lib/thumb/v6-m/nofp\libc_nano.a(lib_a-nano-mallocr.o)
                0x0001d860                _malloc_r
 .text.__sfputc_r
                0x0001d94c       0x2a c:/program files (x86)/gnu_arm_embedded_toolchain/102021.10/bin/../lib/gcc/arm-none-eabi/10.3.1/../../../../arm-none-eabi/lib/thumb/v6-m/nofp\libc_nano.a(lib_a-nano-vfprintf.o)
 .text.__sfputs_r
                0x0001d976       0x24 c:/program files (x86)/gnu_arm_embedded_toolchain/102021.10/bin/../lib/gcc/arm-none-eabi/10.3.1/../../../../arm-none-eabi/lib/thumb/v6-m/nofp\libc_nano.a(lib_a-nano-vfprintf.o)
                0x0001d976                __sfputs_r
 *fill*         0x0001d99a        0x2 
 .text._vfprintf_r
                0x0001d99c      0x274 c:/program files (x86)/gnu_arm_embedded_toolchain/102021.10/bin/../lib/gcc/arm-none-eabi/10.3.1/../../../../arm-none-eabi/lib/thumb/v6-m/nofp\libc_nano.a(lib_a-nano-vfprintf.o)
                0x0001d99c                _vfprintf_r
                0x0001d99c                _vfiprintf_r
 .text._printf_common
                0x0001dc10       0xde c:/program files (x86)/gnu_arm_embedded_toolchain/102021.10/bin/../lib/gcc/arm-none-eabi/10.3.1/../../../../arm-none-eabi/lib/thumb/v6-m/nofp\libc_nano.a(lib_a-nano-vfprintf_i.o)
                0x0001dc10                _printf_common
 *fill*         0x0001dcee        0x2 
 .text._printf_i
                0x0001dcf0      0x224 c:/program files (x86)/gnu_arm_embedded_toolchain/102021.10/bin/../lib/gcc/arm-none-eabi/10.3.1/../../../../arm-none-eabi/lib/thumb/v6-m/nofp\libc_nano.a(lib_a-nano-vfprintf_i.o)
                0x0001dcf0                _printf_i
 .text._sbrk_r  0x0001df14       0x24 c:/program files (x86)/gnu_arm_embedded_toolchain/102021.10/bin/../lib/gcc/arm-none-eabi/10.3.1/../../../../arm-none-eabi/lib/thumb/v6-m/nofp\libc_nano.a(lib_a-sbrkr.o)
                0x0001df14                _sbrk_r
 .text.__sread  0x0001df38       0x28 c:/program files (x86)/gnu_arm_embedded_toolchain/102021.10/bin/../lib/gcc/arm-none-eabi/10.3.1/../../../../arm-none-eabi/lib/thumb/v6-m/nofp\libc_nano.a(lib_a-stdio.o)
                0x0001df38                __sread
 .text.__swrite
                0x0001df60       0x38 c:/program files (x86)/gnu_arm_embedded_toolchain/102021.10/bin/../lib/gcc/arm-none-eabi/10.3.1/../../../../arm-none-eabi/lib/thumb/v6-m/nofp\libc_nano.a(lib_a-stdio.o)
                0x0001df60                __swrite
 .text.__sseek  0x0001df98       0x2c c:/program files (x86)/gnu_arm_embedded_toolchain/102021.10/bin/../lib/gcc/arm-none-eabi/10.3.1/../../../../arm-none-eabi/lib/thumb/v6-m/nofp\libc_nano.a(lib_a-stdio.o)
                0x0001df98                __sseek
 .text.__sclose
                0x0001dfc4        0xc c:/program files (x86)/gnu_arm_embedded_toolchain/102021.10/bin/../lib/gcc/arm-none-eabi/10.3.1/../../../../arm-none-eabi/lib/thumb/v6-m/nofp\libc_nano.a(lib_a-stdio.o)
                0x0001dfc4                __sclose
 .text.__swbuf_r
                0x0001dfd0       0xac c:/program files (x86)/gnu_arm_embedded_toolchain/102021.10/bin/../lib/gcc/arm-none-eabi/10.3.1/../../../../arm-none-eabi/lib/thumb/v6-m/nofp\libc_nano.a(lib_a-wbuf.o)
                0x0001dfd0                __swbuf_r
 .text._write_r
                0x0001e07c       0x28 c:/program files (x86)/gnu_arm_embedded_toolchain/102021.10/bin/../lib/gcc/arm-none-eabi/10.3.1/../../../../arm-none-eabi/lib/thumb/v6-m/nofp\libc_nano.a(lib_a-writer.o)
                0x0001e07c                _write_r
 .text.__swsetup_r
                0x0001e0a4       0xf0 c:/program files (x86)/gnu_arm_embedded_toolchain/102021.10/bin/../lib/gcc/arm-none-eabi/10.3.1/../../../../arm-none-eabi/lib/thumb/v6-m/nofp\libc_nano.a(lib_a-wsetup.o)
                0x0001e0a4                __swsetup_r
 .text._close_r
                0x0001e194       0x24 c:/program files (x86)/gnu_arm_embedded_toolchain/102021.10/bin/../lib/gcc/arm-none-eabi/10.3.1/../../../../arm-none-eabi/lib/thumb/v6-m/nofp\libc_nano.a(lib_a-closer.o)
                0x0001e194                _close_r
 .text.__sflush_r
                0x0001e1b8      0x118 c:/program files (x86)/gnu_arm_embedded_toolchain/102021.10/bin/../lib/gcc/arm-none-eabi/10.3.1/../../../../arm-none-eabi/lib/thumb/v6-m/nofp\libc_nano.a(lib_a-fflush.o)
                0x0001e1b8                __sflush_r
 .text._fflush_r
                0x0001e2d0       0x80 c:/program files (x86)/gnu_arm_embedded_toolchain/102021.10/bin/../lib/gcc/arm-none-eabi/10.3.1/../../../../arm-none-eabi/lib/thumb/v6-m/nofp\libc_nano.a(lib_a-fflush.o)
                0x0001e2d0                _fflush_r
 .text._lseek_r
                0x0001e350       0x28 c:/program files (x86)/gnu_arm_embedded_toolchain/102021.10/bin/../lib/gcc/arm-none-eabi/10.3.1/../../../../arm-none-eabi/lib/thumb/v6-m/nofp\libc_nano.a(lib_a-lseekr.o)
                0x0001e350                _lseek_r
 .text.__swhatbuf_r
                0x0001e378       0x50 c:/program files (x86)/gnu_arm_embedded_toolchain/102021.10/bin/../lib/gcc/arm-none-eabi/10.3.1/../../../../arm-none-eabi/lib/thumb/v6-m/nofp\libc_nano.a(lib_a-makebuf.o)
                0x0001e378                __swhatbuf_r
 .text.__smakebuf_r
                0x0001e3c8       0x88 c:/program files (x86)/gnu_arm_embedded_toolchain/102021.10/bin/../lib/gcc/arm-none-eabi/10.3.1/../../../../arm-none-eabi/lib/thumb/v6-m/nofp\libc_nano.a(lib_a-makebuf.o)
                0x0001e3c8                __smakebuf_r
 .text.memchr   0x0001e450       0x16 c:/program files (x86)/gnu_arm_embedded_toolchain/102021.10/bin/../lib/gcc/arm-none-eabi/10.3.1/../../../../arm-none-eabi/lib/thumb/v6-m/nofp\libc_nano.a(lib_a-memchr-stub.o)
                0x0001e450                memchr
 *fill*         0x0001e466        0x2 
 .text.__malloc_lock
                0x0001e468       0x10 c:/program files (x86)/gnu_arm_embedded_toolchain/102021.10/bin/../lib/gcc/arm-none-eabi/10.3.1/../../../../arm-none-eabi/lib/thumb/v6-m/nofp\libc_nano.a(lib_a-mlock.o)
                0x0001e468                __malloc_lock
 .text.__malloc_unlock
                0x0001e478       0x10 c:/program files (x86)/gnu_arm_embedded_toolchain/102021.10/bin/../lib/gcc/arm-none-eabi/10.3.1/../../../../arm-none-eabi/lib/thumb/v6-m/nofp\libc_nano.a(lib_a-mlock.o)
                0x0001e478                __malloc_unlock
 .text._free_r  0x0001e488       0x94 c:/program files (x86)/gnu_arm_embedded_toolchain/102021.10/bin/../lib/gcc/arm-none-eabi/10.3.1/../../../../arm-none-eabi/lib/thumb/v6-m/nofp\libc_nano.a(lib_a-nano-freer.o)
                0x0001e488                _free_r
 .text._read_r  0x0001e51c       0x28 c:/program files (x86)/gnu_arm_embedded_toolchain/102021.10/bin/../lib/gcc/arm-none-eabi/10.3.1/../../../../arm-none-eabi/lib/thumb/v6-m/nofp\libc_nano.a(lib_a-readr.o)
                0x0001e51c                _read_r
 .text._fstat_r
                0x0001e544       0x24 c:/program files (x86)/gnu_arm_embedded_toolchain/102021.10/bin/../lib/gcc/arm-none-eabi/10.3.1/../../../../arm-none-eabi/lib/thumb/v6-m/nofp\libc_nano.a(lib_a-fstatr.o)
                0x0001e544                _fstat_r
 .text._isatty_r
                0x0001e568       0x24 c:/program files (x86)/gnu_arm_embedded_toolchain/102021.10/bin/../lib/gcc/arm-none-eabi/10.3.1/../../../../arm-none-eabi/lib/thumb/v6-m/nofp\libc_nano.a(lib_a-isattyr.o)
                0x0001e568                _isatty_r
 .text          0x0001e58c       0x14 c:/program files (x86)/gnu_arm_embedded_toolchain/102021.10/bin/../lib/gcc/arm-none-eabi/10.3.1/thumb/v6-m/nofp\libgcc.a(_thumb1_case_shi.o)
                0x0001e58c                __gnu_thumb1_case_shi
 .text._close   0x0001e5a0       0x10 c:/program files (x86)/gnu_arm_embedded_toolchain/102021.10/bin/../lib/gcc/arm-none-eabi/10.3.1/../../../../arm-none-eabi/lib/thumb/v6-m/nofp\libnosys.a(close.o)
                0x0001e5a0                _close
 .text._fstat   0x0001e5b0       0x10 c:/program files (x86)/gnu_arm_embedded_toolchain/102021.10/bin/../lib/gcc/arm-none-eabi/10.3.1/../../../../arm-none-eabi/lib/thumb/v6-m/nofp\libnosys.a(fstat.o)
                0x0001e5b0                _fstat
 .text._isatty  0x0001e5c0       0x10 c:/program files (x86)/gnu_arm_embedded_toolchain/102021.10/bin/../lib/gcc/arm-none-eabi/10.3.1/../../../../arm-none-eabi/lib/thumb/v6-m/nofp\libnosys.a(isatty.o)
                0x0001e5c0                _isatty
 .text._lseek   0x0001e5d0       0x10 c:/program files (x86)/gnu_arm_embedded_toolchain/102021.10/bin/../lib/gcc/arm-none-eabi/10.3.1/../../../../arm-none-eabi/lib/thumb/v6-m/nofp\libnosys.a(lseek.o)
                0x0001e5d0                _lseek
 .text._sbrk    0x0001e5e0       0x1c c:/program files (x86)/gnu_arm_embedded_toolchain/102021.10/bin/../lib/gcc/arm-none-eabi/10.3.1/../../../../arm-none-eabi/lib/thumb/v6-m/nofp\libnosys.a(sbrk.o)
                0x0001e5e0                _sbrk
 *(.init)
 .init          0x0001e5fc        0x4 c:/program files (x86)/gnu_arm_embedded_toolchain/102021.10/bin/../lib/gcc/arm-none-eabi/10.3.1/thumb/v6-m/nofp/crti.o
                0x0001e5fc                _init
 .init          0x0001e600        0x8 c:/program files (x86)/gnu_arm_embedded_toolchain/102021.10/bin/../lib/gcc/arm-none-eabi/10.3.1/thumb/v6-m/nofp/crtn.o
 *(.fini)
 .fini          0x0001e608        0x4 c:/program files (x86)/gnu_arm_embedded_toolchain/102021.10/bin/../lib/gcc/arm-none-eabi/10.3.1/thumb/v6-m/nofp/crti.o
                0x0001e608                _fini
 .fini          0x0001e60c        0x8 c:/program files (x86)/gnu_arm_embedded_toolchain/102021.10/bin/../lib/gcc/arm-none-eabi/10.3.1/thumb/v6-m/nofp/crtn.o
 *crtbegin.o(.ctors)
 *crtbegin?.o(.ctors)
 *(EXCLUDE_FILE(*crtend.o *crtend?.o) .ctors)
 *(SORT_BY_NAME(.ctors.*))
 *(.ctors)
 *crtbegin.o(.dtors)
 *crtbegin?.o(.dtors)
 *(EXCLUDE_FILE(*crtend.o *crtend?.o) .dtors)
 *(SORT_BY_NAME(.dtors.*))
 *(.dtors)
 *(.rodata*)
 .rodata._global_impure_ptr
                0x0001e614        0x4 c:/program files (x86)/gnu_arm_embedded_toolchain/102021.10/bin/../lib/gcc/arm-none-eabi/10.3.1/../../../../arm-none-eabi/lib/thumb/v6-m/nofp\libc_nano.a(lib_a-impure.o)
                0x0001e614                _global_impure_ptr
 .rodata        0x0001e618       0x20 _build/app_uart_fifo.o
 .rodata.m_default_config
                0x0001e638       0x20 _build/nrf_drv_uart.o
 .rodata.ps_init.str1.4
                0x0001e658       0x35 _build/main.o
 *fill*         0x0001e68d        0x3 
 .rodata.ps_register.str1.4
                0x0001e690       0x34 _build/main.o
 .rodata.ps_getBlock.str1.4
                0x0001e6c4       0x3f _build/main.o
 *fill*         0x0001e703        0x1 
 .rodata.ps_store.str1.4
                0x0001e704       0x46 _build/main.o
 *fill*         0x0001e74a        0x2 
 .rodata.ps_load.str1.4
                0x0001e74c        0x4 _build/main.o
 .rodata.main.str1.4
                0x0001e750       0x10 _build/main.o
 .rodata        0x0001e760        0xc _build/main.o
 .rodata.__sf_fake_stderr
                0x0001e76c       0x20 c:/program files (x86)/gnu_arm_embedded_toolchain/102021.10/bin/../lib/gcc/arm-none-eabi/10.3.1/../../../../arm-none-eabi/lib/thumb/v6-m/nofp\libc_nano.a(lib_a-findfp.o)
                0x0001e76c                __sf_fake_stderr
 .rodata.__sf_fake_stdin
                0x0001e78c       0x20 c:/program files (x86)/gnu_arm_embedded_toolchain/102021.10/bin/../lib/gcc/arm-none-eabi/10.3.1/../../../../arm-none-eabi/lib/thumb/v6-m/nofp\libc_nano.a(lib_a-findfp.o)
                0x0001e78c                __sf_fake_stdin
 .rodata.__sf_fake_stdout
                0x0001e7ac       0x20 c:/program files (x86)/gnu_arm_embedded_toolchain/102021.10/bin/../lib/gcc/arm-none-eabi/10.3.1/../../../../arm-none-eabi/lib/thumb/v6-m/nofp\libc_nano.a(lib_a-findfp.o)
                0x0001e7ac                __sf_fake_stdout
 .rodata._vfprintf_r.str1.1
                0x0001e7cc       0x11 c:/program files (x86)/gnu_arm_embedded_toolchain/102021.10/bin/../lib/gcc/arm-none-eabi/10.3.1/../../../../arm-none-eabi/lib/thumb/v6-m/nofp\libc_nano.a(lib_a-nano-vfprintf.o)
 .rodata._printf_i.str1.1
                0x0001e7dd       0x22 c:/program files (x86)/gnu_arm_embedded_toolchain/102021.10/bin/../lib/gcc/arm-none-eabi/10.3.1/../../../../arm-none-eabi/lib/thumb/v6-m/nofp\libc_nano.a(lib_a-nano-vfprintf_i.o)
 *(.eh_frame*)
 *fill*         0x0001e7ff        0x1 
 .eh_frame      0x0001e800        0x0 c:/program files (x86)/gnu_arm_embedded_toolchain/102021.10/bin/../lib/gcc/arm-none-eabi/10.3.1/thumb/v6-m/nofp/crtbegin.o
 .eh_frame      0x0001e800        0x4 c:/program files (x86)/gnu_arm_embedded_toolchain/102021.10/bin/../lib/gcc/arm-none-eabi/10.3.1/thumb/v6-m/nofp/crtend.o

.glue_7         0x0001e804        0x0
 .glue_7        0x0001e804        0x0 linker stubs

.glue_7t        0x0001e804        0x0
 .glue_7t       0x0001e804        0x0 linker stubs

.vfp11_veneer   0x0001e804        0x0
 .vfp11_veneer  0x0001e804        0x0 linker stubs

.v4_bx          0x0001e804        0x0
 .v4_bx         0x0001e804        0x0 linker stubs

.iplt           0x0001e804        0x0
 .iplt          0x0001e804        0x0 c:/program files (x86)/gnu_arm_embedded_toolchain/102021.10/bin/../lib/gcc/arm-none-eabi/10.3.1/thumb/v6-m/nofp/crtbegin.o

.ARM.extab
 *(.ARM.extab* .gnu.linkonce.armextab.*)
                0x0001e804                __exidx_start = .

.ARM.exidx      0x0001e804        0x8
 *(.ARM.exidx* .gnu.linkonce.armexidx.*)
 .ARM.exidx     0x0001e804        0x8 c:/program files (x86)/gnu_arm_embedded_toolchain/102021.10/bin/../lib/gcc/arm-none-eabi/10.3.1/../../../../arm-none-eabi/lib/thumb/v6-m/nofp/crt0.o
                                 0x10 (size before relaxing)
                0x0001e80c                __exidx_end = .
                0x0001e80c                __etext = .

.rel.dyn        0x0001e80c        0x0
 .rel.iplt      0x0001e80c        0x0 c:/program files (x86)/gnu_arm_embedded_toolchain/102021.10/bin/../lib/gcc/arm-none-eabi/10.3.1/thumb/v6-m/nofp/crtbegin.o

.data           0x20002080       0x6c load address 0x0001e80c
                0x20002080                __data_start__ = .
 *(vtable)
 *(.data*)
 .data._impure_ptr
                0x20002080        0x4 c:/program files (x86)/gnu_arm_embedded_toolchain/102021.10/bin/../lib/gcc/arm-none-eabi/10.3.1/../../../../arm-none-eabi/lib/thumb/v6-m/nofp\libc_nano.a(lib_a-impure.o)
                0x20002080                _impure_ptr
 .data.impure_data
                0x20002084       0x60 c:/program files (x86)/gnu_arm_embedded_toolchain/102021.10/bin/../lib/gcc/arm-none-eabi/10.3.1/../../../../arm-none-eabi/lib/thumb/v6-m/nofp\libc_nano.a(lib_a-impure.o)
                0x200020e4                . = ALIGN (0x4)
                0x200020e4                PROVIDE (__preinit_array_start = .)
 *(.preinit_array)
                0x200020e4                PROVIDE (__preinit_array_end = .)
                0x200020e4                . = ALIGN (0x4)
                0x200020e4                PROVIDE (__init_array_start = .)
 *(SORT_BY_NAME(.init_array.*))
 *(.init_array)
 .init_array    0x200020e4        0x4 c:/program files (x86)/gnu_arm_embedded_toolchain/102021.10/bin/../lib/gcc/arm-none-eabi/10.3.1/thumb/v6-m/nofp/crtbegin.o
                0x200020e8                PROVIDE (__init_array_end = .)
                0x200020e8                . = ALIGN (0x4)
                [!provide]                PROVIDE (__fini_array_start = .)
 *(SORT_BY_NAME(.fini_array.*))
 *(.fini_array)
 .fini_array    0x200020e8        0x4 c:/program files (x86)/gnu_arm_embedded_toolchain/102021.10/bin/../lib/gcc/arm-none-eabi/10.3.1/thumb/v6-m/nofp/crtbegin.o
                [!provide]                PROVIDE (__fini_array_end = .)
 *(.jcr*)
                0x200020ec                . = ALIGN (0x4)
                0x200020ec                __data_end__ = .
LOAD c:/program files (x86)/gnu_arm_embedded_toolchain/102021.10/bin/../lib/gcc/arm-none-eabi/10.3.1/thumb/v6-m/nofp/crti.o
LOAD c:/program files (x86)/gnu_arm_embedded_toolchain/102021.10/bin/../lib/gcc/arm-none-eabi/10.3.1/thumb/v6-m/nofp/crtbegin.o
LOAD c:/program files (x86)/gnu_arm_embedded_toolchain/102021.10/bin/../lib/gcc/arm-none-eabi/10.3.1/../../../../arm-none-eabi/lib/thumb/v6-m/nofp/crt0.o
LOAD c:/program files (x86)/gnu_arm_embedded_toolchain/102021.10/bin/../lib/gcc/arm-none-eabi/10.3.1/../../../../arm-none-eabi/lib/thumb/v6-m/nofp\libc_nano.a
LOAD c:/program files (x86)/gnu_arm_embedded_toolchain/102021.10/bin/../lib/gcc/arm-none-eabi/10.3.1/../../../../arm-none-eabi/lib/thumb/v6-m/nofp\libnosys.a
LOAD _build/app_button.o
LOAD _build/app_error.o
LOAD _build/app_error_weak.o
LOAD _build/app_fifo.o
LOAD _build/app_timer.o
LOAD _build/app_util_platform.o
LOAD _build/fstorage.o
LOAD _build/nrf_assert.o
LOAD _build/nrf_log.o
LOAD _build/retarget.o
LOAD _build/RTT_Syscalls_GCC.o
LOAD _build/SEGGER_RTT.o
LOAD _build/SEGGER_RTT_printf.o
LOAD _build/app_uart_fifo.o
LOAD _build/nrf_delay.o
LOAD _build/nrf_drv_common.o
LOAD _build/nrf_drv_gpiote.o
LOAD _build/nrf_drv_uart.o
LOAD _build/pstorage.o
LOAD _build/bsp.o
LOAD _build/bsp_btn_ble.o
LOAD _build/main.o
LOAD _build/ble_advdata.o
LOAD _build/ble_advertising.o
LOAD _build/ble_conn_params.o
LOAD _build/ble_nus.o
LOAD _build/ble_srv_common.o
LOAD _build/system_nrf51.o
LOAD _build/softdevice_handler.o
LOAD _build/gcc_startup_nrf51.o
LOAD c:/program files (x86)/gnu_arm_embedded_toolchain/102021.10/bin/../lib/gcc/arm-none-eabi/10.3.1/../../../../arm-none-eabi/lib/thumb/v6-m/nofp\libm.a
START GROUP
LOAD c:/program files (x86)/gnu_arm_embedded_toolchain/102021.10/bin/../lib/gcc/arm-none-eabi/10.3.1/thumb/v6-m/nofp\libgcc.a
LOAD c:/program files (x86)/gnu_arm_embedded_toolchain/102021.10/bin/../lib/gcc/arm-none-eabi/10.3.1/../../../../arm-none-eabi/lib/thumb/v6-m/nofp\libc_nano.a
END GROUP
START GROUP
LOAD c:/program files (x86)/gnu_arm_embedded_toolchain/102021.10/bin/../lib/gcc/arm-none-eabi/10.3.1/thumb/v6-m/nofp\libgcc.a
LOAD c:/program files (x86)/gnu_arm_embedded_toolchain/102021.10/bin/../lib/gcc/arm-none-eabi/10.3.1/../../../../arm-none-eabi/lib/thumb/v6-m/nofp\libc_nano.a
END GROUP
LOAD c:/program files (x86)/gnu_arm_embedded_toolchain/102021.10/bin/../lib/gcc/arm-none-eabi/10.3.1/thumb/v6-m/nofp/crtend.o
LOAD c:/program files (x86)/gnu_arm_embedded_toolchain/102021.10/bin/../lib/gcc/arm-none-eabi/10.3.1/thumb/v6-m/nofp/crtn.o
START GROUP
LOAD c:/program files (x86)/gnu_arm_embedded_toolchain/102021.10/bin/../lib/gcc/arm-none-eabi/10.3.1/thumb/v6-m/nofp\libgcc.a
LOAD c:/program files (x86)/gnu_arm_embedded_toolchain/102021.10/bin/../lib/gcc/arm-none-eabi/10.3.1/../../../../arm-none-eabi/lib/thumb/v6-m/nofp\libc.a
LOAD c:/program files (x86)/gnu_arm_embedded_toolchain/102021.10/bin/../lib/gcc/arm-none-eabi/10.3.1/../../../../arm-none-eabi/lib/thumb/v6-m/nofp\libnosys.a
END GROUP

.igot.plt       0x200020ec        0x0 load address 0x0001e878
 .igot.plt      0x200020ec        0x0 c:/program files (x86)/gnu_arm_embedded_toolchain/102021.10/bin/../lib/gcc/arm-none-eabi/10.3.1/thumb/v6-m/nofp/crtbegin.o

.fs_data        0x200020ec        0x0
                0x200020ec                PROVIDE (__start_fs_data = .)
 *(.fs_data)
                0x200020ec                PROVIDE (__stop_fs_data = .)

.bss            0x200020f0      0x428 load address 0x0001e880
                0x200020f0                . = ALIGN (0x4)
                0x200020f0                __bss_start__ = .
 *(.bss*)
 .bss           0x200020f0       0x1c c:/program files (x86)/gnu_arm_embedded_toolchain/102021.10/bin/../lib/gcc/arm-none-eabi/10.3.1/thumb/v6-m/nofp/crtbegin.o
 .bss.m_evt_schedule_func
                0x2000210c        0x4 _build/app_timer.o
 .bss.m_rtc1_reset
                0x20002110        0x1 _build/app_timer.o
 .bss.m_rtc1_running
                0x20002111        0x1 _build/app_timer.o
 *fill*         0x20002112        0x2 
 .bss.m_ticks_elapsed
                0x20002114        0x8 _build/app_timer.o
 .bss.m_ticks_elapsed_q_read_ind
                0x2000211c        0x1 _build/app_timer.o
 .bss.m_ticks_elapsed_q_write_ind
                0x2000211d        0x1 _build/app_timer.o
 *fill*         0x2000211e        0x2 
 .bss.m_ticks_latest
                0x20002120        0x4 _build/app_timer.o
 .bss.m_user_array_size
                0x20002124        0x1 _build/app_timer.o
 *fill*         0x20002125        0x3 
 .bss.mp_timer_id_head
                0x20002128        0x4 _build/app_timer.o
 .bss.mp_users  0x2000212c        0x4 _build/app_timer.o
 .bss.m_event_handler
                0x20002130        0x4 _build/app_uart_fifo.o
 .bss.m_rx_fifo
                0x20002134       0x10 _build/app_uart_fifo.o
 .bss.m_tx_fifo
                0x20002144       0x10 _build/app_uart_fifo.o
 .bss.rx_buffer
                0x20002154        0x1 _build/app_uart_fifo.o
 *fill*         0x20002155        0x3 
 .bss.tx_buffer
                0x20002158        0x1 _build/app_uart_fifo.o
 *fill*         0x20002159        0x7 
 .bss.m_cb      0x20002160       0x48 _build/nrf_drv_gpiote.o
 .bss.m_cb      0x200021a8       0x1c _build/nrf_drv_uart.o
 .bss.m_app_data_size
                0x200021c4        0x4 _build/pstorage.o
 .bss.m_app_table
                0x200021c8        0xc _build/pstorage.o
 .bss.m_cmd_queue
                0x200021d4       0xcc _build/pstorage.o
 .bss.m_current_page_id
                0x200022a0        0x4 _build/pstorage.o
 .bss.m_flags   0x200022a4        0x4 _build/pstorage.o
 .bss.m_head_word_size
                0x200022a8        0x4 _build/pstorage.o
 .bss.m_next_app_instance
                0x200022ac        0x2 _build/pstorage.o
 *fill*         0x200022ae        0x2 
 .bss.m_next_page_addr
                0x200022b0        0x4 _build/pstorage.o
 .bss.m_num_of_bytes_written
                0x200022b4        0x4 _build/pstorage.o
 .bss.m_num_of_command_retries
                0x200022b8        0x4 _build/pstorage.o
 .bss.m_state   0x200022bc        0x1 _build/pstorage.o
 .bss.m_swap_sub_state
                0x200022bd        0x1 _build/pstorage.o
 *fill*         0x200022be        0x2 
 .bss.m_tail_word_size
                0x200022c0        0x4 _build/pstorage.o
 .bss.base_handle
                0x200022c4        0x8 _build/main.o
                0x200022c4                base_handle
 .bss.block_handle
                0x200022cc        0x8 _build/main.o
                0x200022cc                block_handle
 .bss.data_array.2
                0x200022d4       0x14 _build/main.o
 .bss.index.3   0x200022e8        0x1 _build/main.o
 *fill*         0x200022e9        0x3 
 .bss.rx_buf.1  0x200022ec      0x100 _build/main.o
 .bss.tx_buf.0  0x200023ec      0x100 _build/main.o
 .bss.m_ble_evt_buffer_size
                0x200024ec        0x2 _build/softdevice_handler.o
 *fill*         0x200024ee        0x2 
 .bss.m_ble_evt_handler
                0x200024f0        0x4 _build/softdevice_handler.o
 .bss.m_evt_schedule_func
                0x200024f4        0x4 _build/softdevice_handler.o
 .bss.m_softdevice_enabled
                0x200024f8        0x1 _build/softdevice_handler.o
 *fill*         0x200024f9        0x3 
 .bss.m_sys_evt_handler
                0x200024fc        0x4 _build/softdevice_handler.o
 .bss.mp_ble_evt_buffer
                0x20002500        0x4 _build/softdevice_handler.o
 .bss.__lock___malloc_recursive_mutex
                0x20002504        0x1 c:/program files (x86)/gnu_arm_embedded_toolchain/102021.10/bin/../lib/gcc/arm-none-eabi/10.3.1/../../../../arm-none-eabi/lib/thumb/v6-m/nofp\libc_nano.a(lib_a-lock.o)
                0x20002504                __lock___malloc_recursive_mutex
 .bss.__lock___sfp_recursive_mutex
                0x20002505        0x1 c:/program files (x86)/gnu_arm_embedded_toolchain/102021.10/bin/../lib/gcc/arm-none-eabi/10.3.1/../../../../arm-none-eabi/lib/thumb/v6-m/nofp\libc_nano.a(lib_a-lock.o)
                0x20002505                __lock___sfp_recursive_mutex
 .bss.__lock___sinit_recursive_mutex
                0x20002506        0x1 c:/program files (x86)/gnu_arm_embedded_toolchain/102021.10/bin/../lib/gcc/arm-none-eabi/10.3.1/../../../../arm-none-eabi/lib/thumb/v6-m/nofp\libc_nano.a(lib_a-lock.o)
                0x20002506                __lock___sinit_recursive_mutex
 *fill*         0x20002507        0x1 
 .bss.__malloc_free_list
                0x20002508        0x4 c:/program files (x86)/gnu_arm_embedded_toolchain/102021.10/bin/../lib/gcc/arm-none-eabi/10.3.1/../../../../arm-none-eabi/lib/thumb/v6-m/nofp\libc_nano.a(lib_a-nano-mallocr.o)
                0x20002508                __malloc_free_list
 .bss.__malloc_sbrk_start
                0x2000250c        0x4 c:/program files (x86)/gnu_arm_embedded_toolchain/102021.10/bin/../lib/gcc/arm-none-eabi/10.3.1/../../../../arm-none-eabi/lib/thumb/v6-m/nofp\libc_nano.a(lib_a-nano-mallocr.o)
                0x2000250c                __malloc_sbrk_start
 .bss.errno     0x20002510        0x4 c:/program files (x86)/gnu_arm_embedded_toolchain/102021.10/bin/../lib/gcc/arm-none-eabi/10.3.1/../../../../arm-none-eabi/lib/thumb/v6-m/nofp\libc_nano.a(lib_a-reent.o)
                0x20002510                errno
 .bss.heap_end.0
                0x20002514        0x4 c:/program files (x86)/gnu_arm_embedded_toolchain/102021.10/bin/../lib/gcc/arm-none-eabi/10.3.1/../../../../arm-none-eabi/lib/thumb/v6-m/nofp\libnosys.a(sbrk.o)
 *(COMMON)
                0x20002518                . = ALIGN (0x4)
                0x20002518                __bss_end__ = .

.heap           0x20002518      0x800
                0x20002518                __end__ = .
                0x20002518                PROVIDE (end = .)
 *(.heap*)
 .heap          0x20002518      0x800 _build/gcc_startup_nrf51.o
                0x20002518                __HeapBase
                0x20002d18                __HeapLimit = .

.stack_dummy    0x20002518      0x800
 *(.stack*)
 .stack         0x20002518      0x800 _build/gcc_startup_nrf51.o
                0x20008000                __StackTop = (ORIGIN (RAM) + LENGTH (RAM))
                0x20007800                __StackLimit = (__StackTop - SIZEOF (.stack_dummy))
                0x20008000                PROVIDE (__stack = __StackTop)
                0x00000001                ASSERT ((__StackLimit >= __HeapLimit), region RAM overflowed with stack)
OUTPUT(_build/nrf51422_xxac_s130.out elf32-littlearm)
LOAD linker stubs

.ARM.attributes
                0x00000000       0x28
 .ARM.attributes
                0x00000000       0x1e c:/program files (x86)/gnu_arm_embedded_toolchain/102021.10/bin/../lib/gcc/arm-none-eabi/10.3.1/thumb/v6-m/nofp/crti.o
 .ARM.attributes
                0x0000001e       0x2c c:/program files (x86)/gnu_arm_embedded_toolchain/102021.10/bin/../lib/gcc/arm-none-eabi/10.3.1/thumb/v6-m/nofp/crtbegin.o
 .ARM.attributes
                0x0000004a       0x1b c:/program files (x86)/gnu_arm_embedded_toolchain/102021.10/bin/../lib/gcc/arm-none-eabi/10.3.1/../../../../arm-none-eabi/lib/thumb/v6-m/nofp/crt0.o
 .ARM.attributes
                0x00000065       0x2c c:/program files (x86)/gnu_arm_embedded_toolchain/102021.10/bin/../lib/gcc/arm-none-eabi/10.3.1/../../../../arm-none-eabi/lib/thumb/v6-m/nofp\libc_nano.a(lib_a-exit.o)
 .ARM.attributes
                0x00000091       0x2c c:/program files (x86)/gnu_arm_embedded_toolchain/102021.10/bin/../lib/gcc/arm-none-eabi/10.3.1/../../../../arm-none-eabi/lib/thumb/v6-m/nofp\libc_nano.a(lib_a-impure.o)
 .ARM.attributes
                0x000000bd       0x2c c:/program files (x86)/gnu_arm_embedded_toolchain/102021.10/bin/../lib/gcc/arm-none-eabi/10.3.1/../../../../arm-none-eabi/lib/thumb/v6-m/nofp\libc_nano.a(lib_a-init.o)
 .ARM.attributes
                0x000000e9       0x2c c:/program files (x86)/gnu_arm_embedded_toolchain/102021.10/bin/../lib/gcc/arm-none-eabi/10.3.1/../../../../arm-none-eabi/lib/thumb/v6-m/nofp\libc_nano.a(lib_a-memset.o)
 .ARM.attributes
                0x00000115       0x2c c:/program files (x86)/gnu_arm_embedded_toolchain/102021.10/bin/../lib/gcc/arm-none-eabi/10.3.1/../../../../arm-none-eabi/lib/thumb/v6-m/nofp\libnosys.a(_exit.o)
 .ARM.attributes
                0x00000141       0x2c _build/app_error.o
 .ARM.attributes
                0x0000016d       0x2c _build/app_error_weak.o
 .ARM.attributes
                0x00000199       0x2c _build/app_fifo.o
 .ARM.attributes
                0x000001c5       0x2c _build/app_timer.o
 .ARM.attributes
                0x000001f1       0x2c _build/retarget.o
 .ARM.attributes
                0x0000021d       0x2c _build/app_uart_fifo.o
 .ARM.attributes
                0x00000249       0x2c _build/nrf_delay.o
 .ARM.attributes
                0x00000275       0x2c _build/nrf_drv_common.o
 .ARM.attributes
                0x000002a1       0x2c _build/nrf_drv_gpiote.o
 .ARM.attributes
                0x000002cd       0x2c _build/nrf_drv_uart.o
 .ARM.attributes
                0x000002f9       0x2c _build/pstorage.o
 .ARM.attributes
                0x00000325       0x2c _build/main.o
 .ARM.attributes
                0x00000351       0x2c _build/system_nrf51.o
 .ARM.attributes
                0x0000037d       0x2c _build/softdevice_handler.o
 .ARM.attributes
                0x000003a9       0x1b _build/gcc_startup_nrf51.o
 .ARM.attributes
                0x000003c4       0x1e c:/program files (x86)/gnu_arm_embedded_toolchain/102021.10/bin/../lib/gcc/arm-none-eabi/10.3.1/thumb/v6-m/nofp\libgcc.a(_udivsi3.o)
 .ARM.attributes
                0x000003e2       0x1e c:/program files (x86)/gnu_arm_embedded_toolchain/102021.10/bin/../lib/gcc/arm-none-eabi/10.3.1/thumb/v6-m/nofp\libgcc.a(_divsi3.o)
 .ARM.attributes
                0x00000400       0x1e c:/program files (x86)/gnu_arm_embedded_toolchain/102021.10/bin/../lib/gcc/arm-none-eabi/10.3.1/thumb/v6-m/nofp\libgcc.a(_dvmd_tls.o)
 .ARM.attributes
                0x0000041e       0x2c c:/program files (x86)/gnu_arm_embedded_toolchain/102021.10/bin/../lib/gcc/arm-none-eabi/10.3.1/../../../../arm-none-eabi/lib/thumb/v6-m/nofp\libc_nano.a(lib_a-memcpy-stub.o)
 .ARM.attributes
                0x0000044a       0x2c c:/program files (x86)/gnu_arm_embedded_toolchain/102021.10/bin/../lib/gcc/arm-none-eabi/10.3.1/../../../../arm-none-eabi/lib/thumb/v6-m/nofp\libc_nano.a(lib_a-printf.o)
 .ARM.attributes
                0x00000476       0x2c c:/program files (x86)/gnu_arm_embedded_toolchain/102021.10/bin/../lib/gcc/arm-none-eabi/10.3.1/../../../../arm-none-eabi/lib/thumb/v6-m/nofp\libc_nano.a(lib_a-findfp.o)
 .ARM.attributes
                0x000004a2       0x2c c:/program files (x86)/gnu_arm_embedded_toolchain/102021.10/bin/../lib/gcc/arm-none-eabi/10.3.1/../../../../arm-none-eabi/lib/thumb/v6-m/nofp\libc_nano.a(lib_a-fwalk.o)
 .ARM.attributes
                0x000004ce       0x2c c:/program files (x86)/gnu_arm_embedded_toolchain/102021.10/bin/../lib/gcc/arm-none-eabi/10.3.1/../../../../arm-none-eabi/lib/thumb/v6-m/nofp\libc_nano.a(lib_a-lock.o)
 .ARM.attributes
                0x000004fa       0x2c c:/program files (x86)/gnu_arm_embedded_toolchain/102021.10/bin/../lib/gcc/arm-none-eabi/10.3.1/../../../../arm-none-eabi/lib/thumb/v6-m/nofp\libc_nano.a(lib_a-nano-mallocr.o)
 .ARM.attributes
                0x00000526       0x2c c:/program files (x86)/gnu_arm_embedded_toolchain/102021.10/bin/../lib/gcc/arm-none-eabi/10.3.1/../../../../arm-none-eabi/lib/thumb/v6-m/nofp\libc_nano.a(lib_a-nano-vfprintf.o)
 .ARM.attributes
                0x00000552       0x2c c:/program files (x86)/gnu_arm_embedded_toolchain/102021.10/bin/../lib/gcc/arm-none-eabi/10.3.1/../../../../arm-none-eabi/lib/thumb/v6-m/nofp\libc_nano.a(lib_a-nano-vfprintf_i.o)
 .ARM.attributes
                0x0000057e       0x2c c:/program files (x86)/gnu_arm_embedded_toolchain/102021.10/bin/../lib/gcc/arm-none-eabi/10.3.1/../../../../arm-none-eabi/lib/thumb/v6-m/nofp\libc_nano.a(lib_a-sbrkr.o)
 .ARM.attributes
                0x000005aa       0x2c c:/program files (x86)/gnu_arm_embedded_toolchain/102021.10/bin/../lib/gcc/arm-none-eabi/10.3.1/../../../../arm-none-eabi/lib/thumb/v6-m/nofp\libc_nano.a(lib_a-stdio.o)
 .ARM.attributes
                0x000005d6       0x2c c:/program files (x86)/gnu_arm_embedded_toolchain/102021.10/bin/../lib/gcc/arm-none-eabi/10.3.1/../../../../arm-none-eabi/lib/thumb/v6-m/nofp\libc_nano.a(lib_a-wbuf.o)
 .ARM.attributes
                0x00000602       0x2c c:/program files (x86)/gnu_arm_embedded_toolchain/102021.10/bin/../lib/gcc/arm-none-eabi/10.3.1/../../../../arm-none-eabi/lib/thumb/v6-m/nofp\libc_nano.a(lib_a-writer.o)
 .ARM.attributes
                0x0000062e       0x2c c:/program files (x86)/gnu_arm_embedded_toolchain/102021.10/bin/../lib/gcc/arm-none-eabi/10.3.1/../../../../arm-none-eabi/lib/thumb/v6-m/nofp\libc_nano.a(lib_a-wsetup.o)
 .ARM.attributes
                0x0000065a       0x2c c:/program files (x86)/gnu_arm_embedded_toolchain/102021.10/bin/../lib/gcc/arm-none-eabi/10.3.1/../../../../arm-none-eabi/lib/thumb/v6-m/nofp\libc_nano.a(lib_a-closer.o)
 .ARM.attributes
                0x00000686       0x2c c:/program files (x86)/gnu_arm_embedded_toolchain/102021.10/bin/../lib/gcc/arm-none-eabi/10.3.1/../../../../arm-none-eabi/lib/thumb/v6-m/nofp\libc_nano.a(lib_a-fflush.o)
 .ARM.attributes
                0x000006b2       0x2c c:/program files (x86)/gnu_arm_embedded_toolchain/102021.10/bin/../lib/gcc/arm-none-eabi/10.3.1/../../../../arm-none-eabi/lib/thumb/v6-m/nofp\libc_nano.a(lib_a-lseekr.o)
 .ARM.attributes
                0x000006de       0x2c c:/program files (x86)/gnu_arm_embedded_toolchain/102021.10/bin/../lib/gcc/arm-none-eabi/10.3.1/../../../../arm-none-eabi/lib/thumb/v6-m/nofp\libc_nano.a(lib_a-makebuf.o)
 .ARM.attributes
                0x0000070a       0x2c c:/program files (x86)/gnu_arm_embedded_toolchain/102021.10/bin/../lib/gcc/arm-none-eabi/10.3.1/../../../../arm-none-eabi/lib/thumb/v6-m/nofp\libc_nano.a(lib_a-memchr-stub.o)
 .ARM.attributes
                0x00000736       0x2c c:/program files (x86)/gnu_arm_embedded_toolchain/102021.10/bin/../lib/gcc/arm-none-eabi/10.3.1/../../../../arm-none-eabi/lib/thumb/v6-m/nofp\libc_nano.a(lib_a-mlock.o)
 .ARM.attributes
                0x00000762       0x2c c:/program files (x86)/gnu_arm_embedded_toolchain/102021.10/bin/../lib/gcc/arm-none-eabi/10.3.1/../../../../arm-none-eabi/lib/thumb/v6-m/nofp\libc_nano.a(lib_a-nano-freer.o)
 .ARM.attributes
                0x0000078e       0x2c c:/program files (x86)/gnu_arm_embedded_toolchain/102021.10/bin/../lib/gcc/arm-none-eabi/10.3.1/../../../../arm-none-eabi/lib/thumb/v6-m/nofp\libc_nano.a(lib_a-readr.o)
 .ARM.attributes
                0x000007ba       0x2c c:/program files (x86)/gnu_arm_embedded_toolchain/102021.10/bin/../lib/gcc/arm-none-eabi/10.3.1/../../../../arm-none-eabi/lib/thumb/v6-m/nofp\libc_nano.a(lib_a-reent.o)
 .ARM.attributes
                0x000007e6       0x2c c:/program files (x86)/gnu_arm_embedded_toolchain/102021.10/bin/../lib/gcc/arm-none-eabi/10.3.1/../../../../arm-none-eabi/lib/thumb/v6-m/nofp\libc_nano.a(lib_a-fstatr.o)
 .ARM.attributes
                0x00000812       0x2c c:/program files (x86)/gnu_arm_embedded_toolchain/102021.10/bin/../lib/gcc/arm-none-eabi/10.3.1/../../../../arm-none-eabi/lib/thumb/v6-m/nofp\libc_nano.a(lib_a-isattyr.o)
 .ARM.attributes
                0x0000083e       0x1e c:/program files (x86)/gnu_arm_embedded_toolchain/102021.10/bin/../lib/gcc/arm-none-eabi/10.3.1/thumb/v6-m/nofp\libgcc.a(_thumb1_case_shi.o)
 .ARM.attributes
                0x0000085c       0x2c c:/program files (x86)/gnu_arm_embedded_toolchain/102021.10/bin/../lib/gcc/arm-none-eabi/10.3.1/thumb/v6-m/nofp/crtend.o
 .ARM.attributes
                0x00000888       0x1e c:/program files (x86)/gnu_arm_embedded_toolchain/102021.10/bin/../lib/gcc/arm-none-eabi/10.3.1/thumb/v6-m/nofp/crtn.o
 .ARM.attributes
                0x000008a6       0x2c c:/program files (x86)/gnu_arm_embedded_toolchain/102021.10/bin/../lib/gcc/arm-none-eabi/10.3.1/../../../../arm-none-eabi/lib/thumb/v6-m/nofp\libnosys.a(close.o)
 .ARM.attributes
                0x000008d2       0x2c c:/program files (x86)/gnu_arm_embedded_toolchain/102021.10/bin/../lib/gcc/arm-none-eabi/10.3.1/../../../../arm-none-eabi/lib/thumb/v6-m/nofp\libnosys.a(fstat.o)
 .ARM.attributes
                0x000008fe       0x2c c:/program files (x86)/gnu_arm_embedded_toolchain/102021.10/bin/../lib/gcc/arm-none-eabi/10.3.1/../../../../arm-none-eabi/lib/thumb/v6-m/nofp\libnosys.a(isatty.o)
 .ARM.attributes
                0x0000092a       0x2c c:/program files (x86)/gnu_arm_embedded_toolchain/102021.10/bin/../lib/gcc/arm-none-eabi/10.3.1/../../../../arm-none-eabi/lib/thumb/v6-m/nofp\libnosys.a(lseek.o)
 .ARM.attributes
                0x00000956       0x2c c:/program files (x86)/gnu_arm_embedded_toolchain/102021.10/bin/../lib/gcc/arm-none-eabi/10.3.1/../../../../arm-none-eabi/lib/thumb/v6-m/nofp\libnosys.a(sbrk.o)

.comment        0x00000000       0x49
 .comment       0x00000000       0x49 _build/app_error.o
                                 0x4a (size before relaxing)
 .comment       0x00000049       0x4a _build/app_error_weak.o
 .comment       0x00000049       0x4a _build/app_fifo.o
 .comment       0x00000049       0x4a _build/app_timer.o
 .comment       0x00000049       0x4a _build/retarget.o
 .comment       0x00000049       0x4a _build/app_uart_fifo.o
 .comment       0x00000049       0x4a _build/nrf_delay.o
 .comment       0x00000049       0x4a _build/nrf_drv_common.o
 .comment       0x00000049       0x4a _build/nrf_drv_gpiote.o
 .comment       0x00000049       0x4a _build/nrf_drv_uart.o
 .comment       0x00000049       0x4a _build/pstorage.o
 .comment       0x00000049       0x4a _build/main.o
 .comment       0x00000049       0x4a _build/system_nrf51.o
 .comment       0x00000049       0x4a _build/softdevice_handler.o

.debug_frame    0x00000000     0x1614
 .debug_frame   0x00000000       0x28 c:/program files (x86)/gnu_arm_embedded_toolchain/102021.10/bin/../lib/gcc/arm-none-eabi/10.3.1/../../../../arm-none-eabi/lib/thumb/v6-m/nofp\libc_nano.a(lib_a-exit.o)
 .debug_frame   0x00000028       0x2c c:/program files (x86)/gnu_arm_embedded_toolchain/102021.10/bin/../lib/gcc/arm-none-eabi/10.3.1/../../../../arm-none-eabi/lib/thumb/v6-m/nofp\libc_nano.a(lib_a-init.o)
 .debug_frame   0x00000054       0x20 c:/program files (x86)/gnu_arm_embedded_toolchain/102021.10/bin/../lib/gcc/arm-none-eabi/10.3.1/../../../../arm-none-eabi/lib/thumb/v6-m/nofp\libc_nano.a(lib_a-memset.o)
 .debug_frame   0x00000074       0x20 c:/program files (x86)/gnu_arm_embedded_toolchain/102021.10/bin/../lib/gcc/arm-none-eabi/10.3.1/../../../../arm-none-eabi/lib/thumb/v6-m/nofp\libnosys.a(_exit.o)
 .debug_frame   0x00000094       0x5c _build/app_error.o
 .debug_frame   0x000000f0       0x20 _build/app_error_weak.o
 .debug_frame   0x00000110       0xb4 _build/app_fifo.o
 .debug_frame   0x000001c4      0x120 _build/app_timer.o
 .debug_frame   0x000002e4       0x44 _build/retarget.o
 .debug_frame   0x00000328       0xb4 _build/app_uart_fifo.o
 .debug_frame   0x000003dc       0x24 _build/nrf_delay.o
 .debug_frame   0x00000400       0x30 _build/nrf_drv_common.o
 .debug_frame   0x00000430      0x200 _build/nrf_drv_gpiote.o
 .debug_frame   0x00000630      0x128 _build/nrf_drv_uart.o
 .debug_frame   0x00000758      0x374 _build/pstorage.o
 .debug_frame   0x00000acc       0xc4 _build/main.o
 .debug_frame   0x00000b90       0x30 _build/system_nrf51.o
 .debug_frame   0x00000bc0      0x17c _build/softdevice_handler.o
 .debug_frame   0x00000d3c       0x20 c:/program files (x86)/gnu_arm_embedded_toolchain/102021.10/bin/../lib/gcc/arm-none-eabi/10.3.1/thumb/v6-m/nofp\libgcc.a(_udivsi3.o)
 .debug_frame   0x00000d5c       0x20 c:/program files (x86)/gnu_arm_embedded_toolchain/102021.10/bin/../lib/gcc/arm-none-eabi/10.3.1/thumb/v6-m/nofp\libgcc.a(_divsi3.o)
 .debug_frame   0x00000d7c       0x28 c:/program files (x86)/gnu_arm_embedded_toolchain/102021.10/bin/../lib/gcc/arm-none-eabi/10.3.1/../../../../arm-none-eabi/lib/thumb/v6-m/nofp\libc_nano.a(lib_a-memcpy-stub.o)
 .debug_frame   0x00000da4       0x50 c:/program files (x86)/gnu_arm_embedded_toolchain/102021.10/bin/../lib/gcc/arm-none-eabi/10.3.1/../../../../arm-none-eabi/lib/thumb/v6-m/nofp\libc_nano.a(lib_a-printf.o)
 .debug_frame   0x00000df4      0x170 c:/program files (x86)/gnu_arm_embedded_toolchain/102021.10/bin/../lib/gcc/arm-none-eabi/10.3.1/../../../../arm-none-eabi/lib/thumb/v6-m/nofp\libc_nano.a(lib_a-findfp.o)
 .debug_frame   0x00000f64       0x58 c:/program files (x86)/gnu_arm_embedded_toolchain/102021.10/bin/../lib/gcc/arm-none-eabi/10.3.1/../../../../arm-none-eabi/lib/thumb/v6-m/nofp\libc_nano.a(lib_a-fwalk.o)
 .debug_frame   0x00000fbc       0xb0 c:/program files (x86)/gnu_arm_embedded_toolchain/102021.10/bin/../lib/gcc/arm-none-eabi/10.3.1/../../../../arm-none-eabi/lib/thumb/v6-m/nofp\libc_nano.a(lib_a-lock.o)
 .debug_frame   0x0000106c       0x50 c:/program files (x86)/gnu_arm_embedded_toolchain/102021.10/bin/../lib/gcc/arm-none-eabi/10.3.1/../../../../arm-none-eabi/lib/thumb/v6-m/nofp\libc_nano.a(lib_a-nano-mallocr.o)
 .debug_frame   0x000010bc       0x9c c:/program files (x86)/gnu_arm_embedded_toolchain/102021.10/bin/../lib/gcc/arm-none-eabi/10.3.1/../../../../arm-none-eabi/lib/thumb/v6-m/nofp\libc_nano.a(lib_a-nano-vfprintf.o)
 .debug_frame   0x00001158       0x54 c:/program files (x86)/gnu_arm_embedded_toolchain/102021.10/bin/../lib/gcc/arm-none-eabi/10.3.1/../../../../arm-none-eabi/lib/thumb/v6-m/nofp\libc_nano.a(lib_a-nano-vfprintf_i.o)
 .debug_frame   0x000011ac       0x2c c:/program files (x86)/gnu_arm_embedded_toolchain/102021.10/bin/../lib/gcc/arm-none-eabi/10.3.1/../../../../arm-none-eabi/lib/thumb/v6-m/nofp\libc_nano.a(lib_a-sbrkr.o)
 .debug_frame   0x000011d8       0x90 c:/program files (x86)/gnu_arm_embedded_toolchain/102021.10/bin/../lib/gcc/arm-none-eabi/10.3.1/../../../../arm-none-eabi/lib/thumb/v6-m/nofp\libc_nano.a(lib_a-stdio.o)
 .debug_frame   0x00001268       0x48 c:/program files (x86)/gnu_arm_embedded_toolchain/102021.10/bin/../lib/gcc/arm-none-eabi/10.3.1/../../../../arm-none-eabi/lib/thumb/v6-m/nofp\libc_nano.a(lib_a-wbuf.o)
 .debug_frame   0x000012b0       0x2c c:/program files (x86)/gnu_arm_embedded_toolchain/102021.10/bin/../lib/gcc/arm-none-eabi/10.3.1/../../../../arm-none-eabi/lib/thumb/v6-m/nofp\libc_nano.a(lib_a-writer.o)
 .debug_frame   0x000012dc       0x2c c:/program files (x86)/gnu_arm_embedded_toolchain/102021.10/bin/../lib/gcc/arm-none-eabi/10.3.1/../../../../arm-none-eabi/lib/thumb/v6-m/nofp\libc_nano.a(lib_a-wsetup.o)
 .debug_frame   0x00001308       0x2c c:/program files (x86)/gnu_arm_embedded_toolchain/102021.10/bin/../lib/gcc/arm-none-eabi/10.3.1/../../../../arm-none-eabi/lib/thumb/v6-m/nofp\libc_nano.a(lib_a-closer.o)
 .debug_frame   0x00001334       0x68 c:/program files (x86)/gnu_arm_embedded_toolchain/102021.10/bin/../lib/gcc/arm-none-eabi/10.3.1/../../../../arm-none-eabi/lib/thumb/v6-m/nofp\libc_nano.a(lib_a-fflush.o)
 .debug_frame   0x0000139c       0x2c c:/program files (x86)/gnu_arm_embedded_toolchain/102021.10/bin/../lib/gcc/arm-none-eabi/10.3.1/../../../../arm-none-eabi/lib/thumb/v6-m/nofp\libc_nano.a(lib_a-lseekr.o)
 .debug_frame   0x000013c8       0x54 c:/program files (x86)/gnu_arm_embedded_toolchain/102021.10/bin/../lib/gcc/arm-none-eabi/10.3.1/../../../../arm-none-eabi/lib/thumb/v6-m/nofp\libc_nano.a(lib_a-makebuf.o)
 .debug_frame   0x0000141c       0x20 c:/program files (x86)/gnu_arm_embedded_toolchain/102021.10/bin/../lib/gcc/arm-none-eabi/10.3.1/../../../../arm-none-eabi/lib/thumb/v6-m/nofp\libc_nano.a(lib_a-memchr-stub.o)
 .debug_frame   0x0000143c       0x40 c:/program files (x86)/gnu_arm_embedded_toolchain/102021.10/bin/../lib/gcc/arm-none-eabi/10.3.1/../../../../arm-none-eabi/lib/thumb/v6-m/nofp\libc_nano.a(lib_a-mlock.o)
 .debug_frame   0x0000147c       0x2c c:/program files (x86)/gnu_arm_embedded_toolchain/102021.10/bin/../lib/gcc/arm-none-eabi/10.3.1/../../../../arm-none-eabi/lib/thumb/v6-m/nofp\libc_nano.a(lib_a-nano-freer.o)
 .debug_frame   0x000014a8       0x2c c:/program files (x86)/gnu_arm_embedded_toolchain/102021.10/bin/../lib/gcc/arm-none-eabi/10.3.1/../../../../arm-none-eabi/lib/thumb/v6-m/nofp\libc_nano.a(lib_a-readr.o)
 .debug_frame   0x000014d4       0x48 c:/program files (x86)/gnu_arm_embedded_toolchain/102021.10/bin/../lib/gcc/arm-none-eabi/10.3.1/../../../../arm-none-eabi/lib/thumb/v6-m/nofp\libc_nano.a(lib_a-reent.o)
 .debug_frame   0x0000151c       0x2c c:/program files (x86)/gnu_arm_embedded_toolchain/102021.10/bin/../lib/gcc/arm-none-eabi/10.3.1/../../../../arm-none-eabi/lib/thumb/v6-m/nofp\libc_nano.a(lib_a-fstatr.o)
 .debug_frame   0x00001548       0x2c c:/program files (x86)/gnu_arm_embedded_toolchain/102021.10/bin/../lib/gcc/arm-none-eabi/10.3.1/../../../../arm-none-eabi/lib/thumb/v6-m/nofp\libc_nano.a(lib_a-isattyr.o)
 .debug_frame   0x00001574       0x20 c:/program files (x86)/gnu_arm_embedded_toolchain/102021.10/bin/../lib/gcc/arm-none-eabi/10.3.1/../../../../arm-none-eabi/lib/thumb/v6-m/nofp\libnosys.a(close.o)
 .debug_frame   0x00001594       0x20 c:/program files (x86)/gnu_arm_embedded_toolchain/102021.10/bin/../lib/gcc/arm-none-eabi/10.3.1/../../../../arm-none-eabi/lib/thumb/v6-m/nofp\libnosys.a(fstat.o)
 .debug_frame   0x000015b4       0x20 c:/program files (x86)/gnu_arm_embedded_toolchain/102021.10/bin/../lib/gcc/arm-none-eabi/10.3.1/../../../../arm-none-eabi/lib/thumb/v6-m/nofp\libnosys.a(isatty.o)
 .debug_frame   0x000015d4       0x20 c:/program files (x86)/gnu_arm_embedded_toolchain/102021.10/bin/../lib/gcc/arm-none-eabi/10.3.1/../../../../arm-none-eabi/lib/thumb/v6-m/nofp\libnosys.a(lseek.o)
 .debug_frame   0x000015f4       0x20 c:/program files (x86)/gnu_arm_embedded_toolchain/102021.10/bin/../lib/gcc/arm-none-eabi/10.3.1/../../../../arm-none-eabi/lib/thumb/v6-m/nofp\libnosys.a(sbrk.o)

.debug_info     0x00000000     0xfaa3
 .debug_info    0x00000000      0x359 _build/app_error.o
 .debug_info    0x00000359      0x1ff _build/app_error_weak.o
 .debug_info    0x00000558      0x6ce _build/app_fifo.o
 .debug_info    0x00000c26     0x2006 _build/app_timer.o
 .debug_info    0x00002c2c      0xa33 _build/retarget.o
 .debug_info    0x0000365f      0xb0f _build/app_uart_fifo.o
 .debug_info    0x0000416e      0x10d _build/nrf_delay.o
 .debug_info    0x0000427b      0x445 _build/nrf_drv_common.o
 .debug_info    0x000046c0     0x259b _build/nrf_drv_gpiote.o
 .debug_info    0x00006c5b     0x2c0f _build/nrf_drv_uart.o
 .debug_info    0x0000986a     0x324f _build/pstorage.o
 .debug_info    0x0000cab9      0xacc _build/main.o
 .debug_info    0x0000d585      0x1fb _build/system_nrf51.o
 .debug_info    0x0000d780     0x2323 _build/softdevice_handler.o

.debug_abbrev   0x00000000     0x2700
 .debug_abbrev  0x00000000      0x13b _build/app_error.o
 .debug_abbrev  0x0000013b      0x11a _build/app_error_weak.o
 .debug_abbrev  0x00000255      0x185 _build/app_fifo.o
 .debug_abbrev  0x000003da      0x491 _build/app_timer.o
 .debug_abbrev  0x0000086b      0x234 _build/retarget.o
 .debug_abbrev  0x00000a9f      0x231 _build/app_uart_fifo.o
 .debug_abbrev  0x00000cd0       0xd2 _build/nrf_delay.o
 .debug_abbrev  0x00000da2      0x194 _build/nrf_drv_common.o
 .debug_abbrev  0x00000f36      0x559 _build/nrf_drv_gpiote.o
 .debug_abbrev  0x0000148f      0x458 _build/nrf_drv_uart.o
 .debug_abbrev  0x000018e7      0x490 _build/pstorage.o
 .debug_abbrev  0x00001d77      0x2d1 _build/main.o
 .debug_abbrev  0x00002048      0x124 _build/system_nrf51.o
 .debug_abbrev  0x0000216c      0x594 _build/softdevice_handler.o

.debug_loc      0x00000000     0x994c
 .debug_loc     0x00000000      0x158 _build/app_error.o
 .debug_loc     0x00000158       0x25 _build/app_error_weak.o
 .debug_loc     0x0000017d      0x811 _build/app_fifo.o
 .debug_loc     0x0000098e     0x1717 _build/app_timer.o
 .debug_loc     0x000020a5      0x14b _build/retarget.o
 .debug_loc     0x000021f0      0x42e _build/app_uart_fifo.o
 .debug_loc     0x0000261e       0x3d _build/nrf_delay.o
 .debug_loc     0x0000265b       0xd2 _build/nrf_drv_common.o
 .debug_loc     0x0000272d     0x2a69 _build/nrf_drv_gpiote.o
 .debug_loc     0x00005196     0x17e8 _build/nrf_drv_uart.o
 .debug_loc     0x0000697e     0x2846 _build/pstorage.o
 .debug_loc     0x000091c4      0x170 _build/main.o
 .debug_loc     0x00009334      0x618 _build/softdevice_handler.o

.debug_aranges  0x00000000      0x4e8
 .debug_aranges
                0x00000000       0x30 _build/app_error.o
 .debug_aranges
                0x00000030       0x20 _build/app_error_weak.o
 .debug_aranges
                0x00000050       0x50 _build/app_fifo.o
 .debug_aranges
                0x000000a0       0x68 _build/app_timer.o
 .debug_aranges
                0x00000108       0x28 _build/retarget.o
 .debug_aranges
                0x00000130       0x48 _build/app_uart_fifo.o
 .debug_aranges
                0x00000178       0x20 _build/nrf_delay.o
 .debug_aranges
                0x00000198       0x20 _build/nrf_drv_common.o
 .debug_aranges
                0x000001b8       0xb8 _build/nrf_drv_gpiote.o
 .debug_aranges
                0x00000270       0x70 _build/nrf_drv_uart.o
 .debug_aranges
                0x000002e0       0xf0 _build/pstorage.o
 .debug_aranges
                0x000003d0       0x50 _build/main.o
 .debug_aranges
                0x00000420       0x28 _build/system_nrf51.o
 .debug_aranges
                0x00000448       0xa0 _build/softdevice_handler.o

.debug_ranges   0x00000000     0x2d40
 .debug_ranges  0x00000000       0x20 _build/app_error.o
 .debug_ranges  0x00000020       0x10 _build/app_error_weak.o
 .debug_ranges  0x00000030      0x108 _build/app_fifo.o
 .debug_ranges  0x00000138      0x7d0 _build/app_timer.o
 .debug_ranges  0x00000908       0x18 _build/retarget.o
 .debug_ranges  0x00000920       0x78 _build/app_uart_fifo.o
 .debug_ranges  0x00000998       0x28 _build/nrf_delay.o
 .debug_ranges  0x000009c0       0x48 _build/nrf_drv_common.o
 .debug_ranges  0x00000a08      0xd88 _build/nrf_drv_gpiote.o
 .debug_ranges  0x00001790      0x728 _build/nrf_drv_uart.o
 .debug_ranges  0x00001eb8      0xbf0 _build/pstorage.o
 .debug_ranges  0x00002aa8       0x70 _build/main.o
 .debug_ranges  0x00002b18       0x68 _build/system_nrf51.o
 .debug_ranges  0x00002b80      0x1c0 _build/softdevice_handler.o

.debug_macro    0x00000000     0x3fb7
 .debug_macro   0x00000000      0x295 _build/app_error.o
 .debug_macro   0x00000295       0x34 _build/app_error.o
 .debug_macro   0x000002c9      0x28f _build/app_error_weak.o
 .debug_macro   0x00000558      0x222 _build/app_fifo.o
 .debug_macro   0x0000077a       0x16 _build/app_fifo.o
 .debug_macro   0x00000790      0x10e _build/app_fifo.o
 .debug_macro   0x0000089e       0x86 _build/app_fifo.o
 .debug_macro   0x00000924       0x16 _build/app_fifo.o
 .debug_macro   0x0000093a       0x29 _build/app_fifo.o
 .debug_macro   0x00000963       0x28 _build/app_fifo.o
 .debug_macro   0x0000098b      0x3cd _build/app_timer.o
 .debug_macro   0x00000d58       0x41 _build/app_timer.o
 .debug_macro   0x00000d99       0x16 _build/app_timer.o
 .debug_macro   0x00000daf       0x40 _build/app_timer.o
 .debug_macro   0x00000def       0x64 _build/app_timer.o
 .debug_macro   0x00000e53       0x22 _build/app_timer.o
 .debug_macro   0x00000e75       0x5b _build/app_timer.o
 .debug_macro   0x00000ed0       0x16 _build/app_timer.o
 .debug_macro   0x00000ee6      0x2e9 _build/retarget.o
 .debug_macro   0x000011cf       0x5e _build/retarget.o
 .debug_macro   0x0000122d       0x94 _build/retarget.o
 .debug_macro   0x000012c1       0x57 _build/retarget.o
 .debug_macro   0x00001318      0x3b6 _build/app_uart_fifo.o
 .debug_macro   0x000016ce      0x22f _build/nrf_delay.o
 .debug_macro   0x000018fd      0x312 _build/nrf_drv_common.o
 .debug_macro   0x00001c0f      0x362 _build/nrf_drv_gpiote.o
 .debug_macro   0x00001f71       0x10 _build/nrf_drv_gpiote.o
 .debug_macro   0x00001f81      0x35c _build/nrf_drv_uart.o
 .debug_macro   0x000022dd      0x3ab _build/pstorage.o
 .debug_macro   0x00002688       0x40 _build/pstorage.o
 .debug_macro   0x000026c8       0x1c _build/pstorage.o
 .debug_macro   0x000026e4      0x548 _build/main.o
 .debug_macro   0x00002c2c       0xa6 _build/main.o
 .debug_macro   0x00002cd2       0xb8 _build/main.o
 .debug_macro   0x00002d8a       0x40 _build/main.o
 .debug_macro   0x00002dca      0x2ca _build/main.o
 .debug_macro   0x00003094       0x46 _build/main.o
 .debug_macro   0x000030da       0x1c _build/main.o
 .debug_macro   0x000030f6       0x8e _build/main.o
 .debug_macro   0x00003184       0x16 _build/main.o
 .debug_macro   0x0000319a       0x10 _build/main.o
 .debug_macro   0x000031aa      0x401 _build/main.o
 .debug_macro   0x000035ab       0x22 _build/main.o
 .debug_macro   0x000035cd       0x10 _build/main.o
 .debug_macro   0x000035dd       0x46 _build/main.o
 .debug_macro   0x00003623       0xdf _build/system_nrf51.o
 .debug_macro   0x00003702      0x45b _build/softdevice_handler.o
 .debug_macro   0x00003b5d       0x10 _build/softdevice_handler.o
 .debug_macro   0x00003b6d      0x3fa _build/softdevice_handler.o
 .debug_macro   0x00003f67       0x40 _build/softdevice_handler.o
 .debug_macro   0x00003fa7       0x10 _build/softdevice_handler.o

.debug_line     0x00000000     0xdd29
 .debug_line    0x00000000      0x717 _build/app_error.o
 .debug_line    0x00000717      0x633 _build/app_error_weak.o
 .debug_line    0x00000d4a      0x9d0 _build/app_fifo.o
 .debug_line    0x0000171a     0x19cf _build/app_timer.o
 .debug_line    0x000030e9      0x72c _build/retarget.o
 .debug_line    0x00003815      0xcee _build/app_uart_fifo.o
 .debug_line    0x00004503      0x572 _build/nrf_delay.o
 .debug_line    0x00004a75      0x894 _build/nrf_drv_common.o
 .debug_line    0x00005309     0x2424 _build/nrf_drv_gpiote.o
 .debug_line    0x0000772d     0x19ab _build/nrf_drv_uart.o
 .debug_line    0x000090d8     0x298f _build/pstorage.o
 .debug_line    0x0000ba67      0xf45 _build/main.o
 .debug_line    0x0000c9ac      0x4cf _build/system_nrf51.o
 .debug_line    0x0000ce7b      0xeae _build/softdevice_handler.o

.debug_str      0x00000000    0x47162
 .debug_str     0x00000000    0x34e9f _build/app_error.o
                              0x350e0 (size before relaxing)
 .debug_str     0x00034e9f       0xb1 _build/app_error_weak.o
                              0x3501e (size before relaxing)
 .debug_str     0x00034f50      0x59f _build/app_fifo.o
                              0x33c1b (size before relaxing)
 .debug_str     0x000354ef     0x1a65 _build/app_timer.o
                              0x36f19 (size before relaxing)
 .debug_str     0x00036f54      0x636 _build/retarget.o
                              0x35fc7 (size before relaxing)
 .debug_str     0x0003758a      0xd9e _build/app_uart_fifo.o
                              0x36f4c (size before relaxing)
 .debug_str     0x00038328       0x78 _build/nrf_delay.o
                              0x3364b (size before relaxing)
 .debug_str     0x000383a0       0xb6 _build/nrf_drv_common.o
                              0x361fa (size before relaxing)
 .debug_str     0x00038456     0x12ed _build/nrf_drv_gpiote.o
                              0x37520 (size before relaxing)
 .debug_str     0x00039743      0x7c4 _build/nrf_drv_uart.o
                              0x372ce (size before relaxing)
 .debug_str     0x00039f07     0x1882 _build/pstorage.o
                              0x370a8 (size before relaxing)
 .debug_str     0x0003b789     0xa4e1 _build/main.o
                              0x40b7d (size before relaxing)
 .debug_str     0x00045c6a      0x153 _build/system_nrf51.o
                              0x2fb96 (size before relaxing)
 .debug_str     0x00045dbd     0x13a5 _build/softdevice_handler.o
                              0x3efca (size before relaxing)

.stab           0x00000000       0x6c
 .stab          0x00000000       0x24 c:/program files (x86)/gnu_arm_embedded_toolchain/102021.10/bin/../lib/gcc/arm-none-eabi/10.3.1/../../../../arm-none-eabi/lib/thumb/v6-m/nofp\libnosys.a(close.o)
 .stab          0x00000024       0x18 c:/program files (x86)/gnu_arm_embedded_toolchain/102021.10/bin/../lib/gcc/arm-none-eabi/10.3.1/../../../../arm-none-eabi/lib/thumb/v6-m/nofp\libnosys.a(fstat.o)
                                 0x24 (size before relaxing)
 .stab          0x0000003c       0x18 c:/program files (x86)/gnu_arm_embedded_toolchain/102021.10/bin/../lib/gcc/arm-none-eabi/10.3.1/../../../../arm-none-eabi/lib/thumb/v6-m/nofp\libnosys.a(isatty.o)
                                 0x24 (size before relaxing)
 .stab          0x00000054       0x18 c:/program files (x86)/gnu_arm_embedded_toolchain/102021.10/bin/../lib/gcc/arm-none-eabi/10.3.1/../../../../arm-none-eabi/lib/thumb/v6-m/nofp\libnosys.a(lseek.o)
                                 0x24 (size before relaxing)

.stabstr        0x00000000       0xe3
 .stabstr       0x00000000       0xe3 c:/program files (x86)/gnu_arm_embedded_toolchain/102021.10/bin/../lib/gcc/arm-none-eabi/10.3.1/../../../../arm-none-eabi/lib/thumb/v6-m/nofp\libnosys.a(close.o)
